Archive member included because of file (symbol)

c:/program files (x86)/atmel/atmel studio 6.0/extensions/atmel/avrgcc/3.4.1.95/avrtoolchain/bin/../lib/gcc/avr/4.6.2/avr5\libgcc.a(_exit.o)
                              c:/program files (x86)/atmel/atmel studio 6.0/extensions/atmel/avrgcc/3.4.1.95/avrtoolchain/bin/../lib/gcc/avr/4.6.2/../../../../avr/lib/avr5/crtm32.o (exit)
c:/program files (x86)/atmel/atmel studio 6.0/extensions/atmel/avrgcc/3.4.1.95/avrtoolchain/bin/../lib/gcc/avr/4.6.2/avr5\libgcc.a(_copy_data.o)
                              event_groups.o (__do_copy_data)
c:/program files (x86)/atmel/atmel studio 6.0/extensions/atmel/avrgcc/3.4.1.95/avrtoolchain/bin/../lib/gcc/avr/4.6.2/avr5\libgcc.a(_clear_bss.o)
                              event_groups.o (__do_clear_bss)
c:/program files (x86)/atmel/atmel studio 6.0/extensions/atmel/avrgcc/3.4.1.95/avrtoolchain/bin/../lib/gcc/avr/4.6.2/../../../../avr/lib/avr5\libc.a(memcpy.o)
                              queue.o (memcpy)

Allocating common symbols
Common symbol       size              file

xQueueRegistry      0x20              queue.o
myMutex             0x2               RTOS_2_SEMAPHORE.o

Memory Configuration

Name             Origin             Length             Attributes
text             0x00000000         0x00020000         xr
data             0x00800060         0x0000ffa0         rw !x
eeprom           0x00810000         0x00010000         rw !x
fuse             0x00820000         0x00000400         rw !x
lock             0x00830000         0x00000400         rw !x
signature        0x00840000         0x00000400         rw !x
*default*        0x00000000         0xffffffff

Linker script and memory map

LOAD c:/program files (x86)/atmel/atmel studio 6.0/extensions/atmel/avrgcc/3.4.1.95/avrtoolchain/bin/../lib/gcc/avr/4.6.2/../../../../avr/lib/avr5/crtm32.o
LOAD event_groups.o
LOAD heap_2.o
LOAD list.o
LOAD port.o
LOAD queue.o
LOAD RTOS_2_SEMAPHORE.o
LOAD tasks.o
START GROUP
LOAD c:/program files (x86)/atmel/atmel studio 6.0/extensions/atmel/avrgcc/3.4.1.95/avrtoolchain/bin/../lib/gcc/avr/4.6.2/../../../../avr/lib/avr5\libm.a
END GROUP
LOAD c:/program files (x86)/atmel/atmel studio 6.0/extensions/atmel/avrgcc/3.4.1.95/avrtoolchain/bin/../lib/gcc/avr/4.6.2/avr5\libgcc.a
LOAD c:/program files (x86)/atmel/atmel studio 6.0/extensions/atmel/avrgcc/3.4.1.95/avrtoolchain/bin/../lib/gcc/avr/4.6.2/../../../../avr/lib/avr5\libc.a
LOAD c:/program files (x86)/atmel/atmel studio 6.0/extensions/atmel/avrgcc/3.4.1.95/avrtoolchain/bin/../lib/gcc/avr/4.6.2/avr5\libgcc.a

.hash
 *(.hash)

.dynsym
 *(.dynsym)

.dynstr
 *(.dynstr)

.gnu.version
 *(.gnu.version)

.gnu.version_d
 *(.gnu.version_d)

.gnu.version_r
 *(.gnu.version_r)

.rel.init
 *(.rel.init)

.rela.init
 *(.rela.init)

.rel.text
 *(.rel.text)
 *(.rel.text.*)
 *(.rel.gnu.linkonce.t*)

.rela.text
 *(.rela.text)
 *(.rela.text.*)
 *(.rela.gnu.linkonce.t*)

.rel.fini
 *(.rel.fini)

.rela.fini
 *(.rela.fini)

.rel.rodata
 *(.rel.rodata)
 *(.rel.rodata.*)
 *(.rel.gnu.linkonce.r*)

.rela.rodata
 *(.rela.rodata)
 *(.rela.rodata.*)
 *(.rela.gnu.linkonce.r*)

.rel.data
 *(.rel.data)
 *(.rel.data.*)
 *(.rel.gnu.linkonce.d*)

.rela.data
 *(.rela.data)
 *(.rela.data.*)
 *(.rela.gnu.linkonce.d*)

.rel.ctors
 *(.rel.ctors)

.rela.ctors
 *(.rela.ctors)

.rel.dtors
 *(.rel.dtors)

.rela.dtors
 *(.rela.dtors)

.rel.got
 *(.rel.got)

.rela.got
 *(.rela.got)

.rel.bss
 *(.rel.bss)

.rela.bss
 *(.rela.bss)

.rel.plt
 *(.rel.plt)

.rela.plt
 *(.rela.plt)

.text           0x00000000     0x2752
 *(.vectors)
 .vectors       0x00000000       0x54 c:/program files (x86)/atmel/atmel studio 6.0/extensions/atmel/avrgcc/3.4.1.95/avrtoolchain/bin/../lib/gcc/avr/4.6.2/../../../../avr/lib/avr5/crtm32.o
                0x00000000                __vector_default
                0x00000000                __vectors
 *(.vectors)
 *(.progmem.gcc*)
 *(.progmem*)
                0x00000054                . = ALIGN (0x2)
                0x00000054                __trampolines_start = .
 *(.trampolines)
 .trampolines   0x00000054        0x0 linker stubs
 *(.trampolines*)
                0x00000054                __trampolines_end = .
 *(.jumptables)
 *(.jumptables*)
 *(.lowtext)
 *(.lowtext*)
                0x00000054                __ctors_start = .
 *(.ctors)
                0x00000054                __ctors_end = .
                0x00000054                __dtors_start = .
 *(.dtors)
                0x00000054                __dtors_end = .
 SORT(*)(.ctors)
 SORT(*)(.dtors)
 *(.init0)
 .init0         0x00000054        0x0 c:/program files (x86)/atmel/atmel studio 6.0/extensions/atmel/avrgcc/3.4.1.95/avrtoolchain/bin/../lib/gcc/avr/4.6.2/../../../../avr/lib/avr5/crtm32.o
                0x00000054                __init
 *(.init0)
 *(.init1)
 *(.init1)
 *(.init2)
 .init2         0x00000054        0xc c:/program files (x86)/atmel/atmel studio 6.0/extensions/atmel/avrgcc/3.4.1.95/avrtoolchain/bin/../lib/gcc/avr/4.6.2/../../../../avr/lib/avr5/crtm32.o
 *(.init2)
 *(.init3)
 *(.init3)
 *(.init4)
 .init4         0x00000060       0x16 c:/program files (x86)/atmel/atmel studio 6.0/extensions/atmel/avrgcc/3.4.1.95/avrtoolchain/bin/../lib/gcc/avr/4.6.2/avr5\libgcc.a(_copy_data.o)
                0x00000060                __do_copy_data
 .init4         0x00000076       0x10 c:/program files (x86)/atmel/atmel studio 6.0/extensions/atmel/avrgcc/3.4.1.95/avrtoolchain/bin/../lib/gcc/avr/4.6.2/avr5\libgcc.a(_clear_bss.o)
                0x00000076                __do_clear_bss
 *(.init4)
 *(.init5)
 *(.init5)
 *(.init6)
 *(.init6)
 *(.init7)
 *(.init7)
 *(.init8)
 *(.init8)
 *(.init9)
 .init9         0x00000086        0x8 c:/program files (x86)/atmel/atmel studio 6.0/extensions/atmel/avrgcc/3.4.1.95/avrtoolchain/bin/../lib/gcc/avr/4.6.2/../../../../avr/lib/avr5/crtm32.o
 *(.init9)
 *(.text)
 .text          0x0000008e        0x4 c:/program files (x86)/atmel/atmel studio 6.0/extensions/atmel/avrgcc/3.4.1.95/avrtoolchain/bin/../lib/gcc/avr/4.6.2/../../../../avr/lib/avr5/crtm32.o
                0x0000008e                __vector_1
                0x0000008e                __vector_12
                0x0000008e                __bad_interrupt
                0x0000008e                __vector_6
                0x0000008e                __vector_3
                0x0000008e                __vector_11
                0x0000008e                __vector_13
                0x0000008e                __vector_17
                0x0000008e                __vector_19
                0x0000008e                __vector_5
                0x0000008e                __vector_4
                0x0000008e                __vector_9
                0x0000008e                __vector_2
                0x0000008e                __vector_15
                0x0000008e                __vector_8
                0x0000008e                __vector_14
                0x0000008e                __vector_10
                0x0000008e                __vector_16
                0x0000008e                __vector_18
                0x0000008e                __vector_20
 .text          0x00000092      0x352 event_groups.o
                0x000000b8                xEventGroupCreate
                0x000000e0                xEventGroupWaitBits
                0x000001b8                xEventGroupClearBits
                0x000001d6                xEventGroupGetBitsFromISR
                0x000001de                xEventGroupSetBits
                0x000002d4                xEventGroupSync
                0x000003a2                vEventGroupDelete
                0x000003d4                vEventGroupSetBitsCallback
                0x000003dc                vEventGroupClearBitsCallback
 .text          0x000003e4      0x1b2 heap_2.o
                0x000003e4                pvPortMalloc
                0x00000524                vPortFree
                0x0000058a                xPortGetFreeHeapSize
                0x00000594                vPortInitialiseBlocks
 .text          0x00000596      0x116 list.o
                0x00000596                vListInitialise
                0x000005b2                vListInitialiseItem
                0x000005ba                vListInsertEnd
                0x000005f8                vListInsert
                0x0000065c                uxListRemove
 .text          0x000006ac      0x2fe port.o
                0x000006ac                pxPortInitialiseStack
                0x000007cc                xPortStartScheduler
                0x00000836                vPortEndScheduler
                0x00000838                vPortYield
                0x000008ea                vPortYieldFromTick
                0x000009a4                __vector_7
 .text          0x000009aa      0x858 queue.o
                0x00000b62                xQueueGenericReset
                0x00000bee                xQueueGenericCreate
                0x00000c40                xQueueGenericSend
                0x00000d8c                xQueueCreateMutex
                0x00000dc2                xQueueGenericSendFromISR
                0x00000e34                xQueueGiveFromISR
                0x00000e86                xQueueGenericReceive
                0x00001020                xQueueReceiveFromISR
                0x0000108e                xQueuePeekFromISR
                0x000010bc                uxQueueMessagesWaiting
                0x000010cc                uxQueueSpacesAvailable
                0x000010e0                uxQueueMessagesWaitingFromISR
                0x000010e6                xQueueIsQueueEmptyFromISR
                0x000010f2                xQueueIsQueueFullFromISR
                0x00001100                vQueueAddToRegistry
                0x0000114c                pcQueueGetName
                0x0000119c                vQueueUnregisterQueue
                0x000011ec                vQueueDelete
 .text          0x00001202      0x11c RTOS_2_SEMAPHORE.o
                0x00001202                T2
                0x00001266                T1
                0x000012ba                main
 .text          0x0000131e     0x141e tasks.o
                0x00001454                xTaskCreate
                0x00001698                vTaskDelete
                0x0000173c                uxTaskPriorityGet
                0x0000175a                uxTaskPriorityGetFromISR
                0x0000176e                vTaskPrioritySet
                0x0000186e                vTaskResume
                0x000018f4                xTaskResumeFromISR
                0x00001986                vTaskStartScheduler
                0x000019da                vTaskEndScheduler
                0x000019e6                vTaskSuspendAll
                0x000019f2                xTaskGetTickCount
                0x00001a06                xTaskGetTickCountFromISR
                0x00001a10                uxTaskGetNumberOfTasks
                0x00001a16                pcTaskGetName
                0x00001a26                xTaskIncrementTick
                0x00001ba2                xTaskResumeAll
                0x00001d12                vTaskDelay
                0x00001d3a                vTaskDelayUntil
                0x00001db8                vTaskSwitchContext
                0x00001e70                vTaskSuspend
                0x00001f0e                vTaskPlaceOnEventList
                0x00001f32                vTaskPlaceOnUnorderedEventList
                0x00001f64                xTaskRemoveFromEventList
                0x00001ffa                xTaskRemoveFromUnorderedEventList
                0x0000206e                vTaskSetTimeOutState
                0x00002084                xTaskCheckForTimeOut
                0x000020ee                vTaskMissedYield
                0x000020f6                xTaskGetCurrentTaskHandle
                0x00002100                vTaskPriorityInherit
                0x000021bc                xTaskPriorityDisinherit
                0x0000223e                uxTaskResetEventItemValue
                0x0000226e                pvTaskIncrementMutexHeldCount
                0x00002292                ulTaskNotifyTake
                0x00002348                xTaskNotifyWait
                0x00002440                xTaskGenericNotify
                0x0000253a                xTaskGenericNotifyFromISR
                0x0000265a                vTaskNotifyGiveFromISR
                0x00002712                xTaskNotifyStateClear
 .text          0x0000273c        0x0 c:/program files (x86)/atmel/atmel studio 6.0/extensions/atmel/avrgcc/3.4.1.95/avrtoolchain/bin/../lib/gcc/avr/4.6.2/avr5\libgcc.a(_exit.o)
 .text          0x0000273c        0x0 c:/program files (x86)/atmel/atmel studio 6.0/extensions/atmel/avrgcc/3.4.1.95/avrtoolchain/bin/../lib/gcc/avr/4.6.2/avr5\libgcc.a(_copy_data.o)
 .text          0x0000273c        0x0 c:/program files (x86)/atmel/atmel studio 6.0/extensions/atmel/avrgcc/3.4.1.95/avrtoolchain/bin/../lib/gcc/avr/4.6.2/avr5\libgcc.a(_clear_bss.o)
 .text          0x0000273c        0x0 c:/program files (x86)/atmel/atmel studio 6.0/extensions/atmel/avrgcc/3.4.1.95/avrtoolchain/bin/../lib/gcc/avr/4.6.2/../../../../avr/lib/avr5\libc.a(memcpy.o)
                0x0000273c                . = ALIGN (0x2)
 *(.text.*)
 .text.libgcc   0x0000273c        0x0 c:/program files (x86)/atmel/atmel studio 6.0/extensions/atmel/avrgcc/3.4.1.95/avrtoolchain/bin/../lib/gcc/avr/4.6.2/avr5\libgcc.a(_exit.o)
 .text.libgcc   0x0000273c        0x0 c:/program files (x86)/atmel/atmel studio 6.0/extensions/atmel/avrgcc/3.4.1.95/avrtoolchain/bin/../lib/gcc/avr/4.6.2/avr5\libgcc.a(_copy_data.o)
 .text.libgcc   0x0000273c        0x0 c:/program files (x86)/atmel/atmel studio 6.0/extensions/atmel/avrgcc/3.4.1.95/avrtoolchain/bin/../lib/gcc/avr/4.6.2/avr5\libgcc.a(_clear_bss.o)
 .text.avr-libc
                0x0000273c       0x12 c:/program files (x86)/atmel/atmel studio 6.0/extensions/atmel/avrgcc/3.4.1.95/avrtoolchain/bin/../lib/gcc/avr/4.6.2/../../../../avr/lib/avr5\libc.a(memcpy.o)
                0x0000273c                memcpy
                0x0000274e                . = ALIGN (0x2)
 *(.fini9)
 .fini9         0x0000274e        0x0 c:/program files (x86)/atmel/atmel studio 6.0/extensions/atmel/avrgcc/3.4.1.95/avrtoolchain/bin/../lib/gcc/avr/4.6.2/avr5\libgcc.a(_exit.o)
                0x0000274e                _exit
                0x0000274e                exit
 *(.fini9)
 *(.fini8)
 *(.fini8)
 *(.fini7)
 *(.fini7)
 *(.fini6)
 *(.fini6)
 *(.fini5)
 *(.fini5)
 *(.fini4)
 *(.fini4)
 *(.fini3)
 *(.fini3)
 *(.fini2)
 *(.fini2)
 *(.fini1)
 *(.fini1)
 *(.fini0)
 .fini0         0x0000274e        0x4 c:/program files (x86)/atmel/atmel studio 6.0/extensions/atmel/avrgcc/3.4.1.95/avrtoolchain/bin/../lib/gcc/avr/4.6.2/avr5\libgcc.a(_exit.o)
 *(.fini0)
                0x00002752                _etext = .

.data           0x00800060        0xa load address 0x00002752
                0x00800060                PROVIDE (__data_start, .)
 *(.data)
 .data          0x00800060        0x0 c:/program files (x86)/atmel/atmel studio 6.0/extensions/atmel/avrgcc/3.4.1.95/avrtoolchain/bin/../lib/gcc/avr/4.6.2/../../../../avr/lib/avr5/crtm32.o
 .data          0x00800060        0x0 event_groups.o
 .data          0x00800060        0x2 heap_2.o
 .data          0x00800062        0x0 list.o
 .data          0x00800062        0x0 port.o
 .data          0x00800062        0x0 queue.o
 .data          0x00800062        0x2 RTOS_2_SEMAPHORE.o
 .data          0x00800064        0x5 tasks.o
 .data          0x00800069        0x0 c:/program files (x86)/atmel/atmel studio 6.0/extensions/atmel/avrgcc/3.4.1.95/avrtoolchain/bin/../lib/gcc/avr/4.6.2/avr5\libgcc.a(_exit.o)
 .data          0x00800069        0x0 c:/program files (x86)/atmel/atmel studio 6.0/extensions/atmel/avrgcc/3.4.1.95/avrtoolchain/bin/../lib/gcc/avr/4.6.2/avr5\libgcc.a(_copy_data.o)
 .data          0x00800069        0x0 c:/program files (x86)/atmel/atmel studio 6.0/extensions/atmel/avrgcc/3.4.1.95/avrtoolchain/bin/../lib/gcc/avr/4.6.2/avr5\libgcc.a(_clear_bss.o)
 .data          0x00800069        0x0 c:/program files (x86)/atmel/atmel studio 6.0/extensions/atmel/avrgcc/3.4.1.95/avrtoolchain/bin/../lib/gcc/avr/4.6.2/../../../../avr/lib/avr5\libc.a(memcpy.o)
 *(.data*)
 *(.rodata)
 *(.rodata*)
 *(.gnu.linkonce.d*)
                0x0080006a                . = ALIGN (0x2)
 *fill*         0x00800069        0x1 00
                0x0080006a                _edata = .
                0x0080006a                PROVIDE (__data_end, .)

.bss            0x0080006a      0x3be
                0x0080006a                PROVIDE (__bss_start, .)
 *(.bss)
 .bss           0x0080006a        0x0 c:/program files (x86)/atmel/atmel studio 6.0/extensions/atmel/avrgcc/3.4.1.95/avrtoolchain/bin/../lib/gcc/avr/4.6.2/../../../../avr/lib/avr5/crtm32.o
 .bss           0x0080006a        0x0 event_groups.o
 .bss           0x0080006a      0x329 heap_2.o
 .bss           0x00800393        0x0 list.o
 .bss           0x00800393        0x0 port.o
 .bss           0x00800393        0x0 queue.o
 .bss           0x00800393        0x4 RTOS_2_SEMAPHORE.o
                0x00800393                y
                0x00800395                x
 .bss           0x00800397       0x6f tasks.o
                0x00800397                pxCurrentTCB
 .bss           0x00800406        0x0 c:/program files (x86)/atmel/atmel studio 6.0/extensions/atmel/avrgcc/3.4.1.95/avrtoolchain/bin/../lib/gcc/avr/4.6.2/avr5\libgcc.a(_exit.o)
 .bss           0x00800406        0x0 c:/program files (x86)/atmel/atmel studio 6.0/extensions/atmel/avrgcc/3.4.1.95/avrtoolchain/bin/../lib/gcc/avr/4.6.2/avr5\libgcc.a(_copy_data.o)
 .bss           0x00800406        0x0 c:/program files (x86)/atmel/atmel studio 6.0/extensions/atmel/avrgcc/3.4.1.95/avrtoolchain/bin/../lib/gcc/avr/4.6.2/avr5\libgcc.a(_clear_bss.o)
 .bss           0x00800406        0x0 c:/program files (x86)/atmel/atmel studio 6.0/extensions/atmel/avrgcc/3.4.1.95/avrtoolchain/bin/../lib/gcc/avr/4.6.2/../../../../avr/lib/avr5\libc.a(memcpy.o)
 *(.bss*)
 *(COMMON)
 COMMON         0x00800406       0x20 queue.o
                0x00800406                xQueueRegistry
 COMMON         0x00800426        0x2 RTOS_2_SEMAPHORE.o
                0x00800426                myMutex
                0x00800428                PROVIDE (__bss_end, .)
                0x00002752                __data_load_start = LOADADDR (.data)
                0x0000275c                __data_load_end = (__data_load_start + SIZEOF (.data))

.noinit         0x00800428        0x0
                0x00800428                PROVIDE (__noinit_start, .)
 *(.noinit*)
                0x00800428                PROVIDE (__noinit_end, .)
                0x00800428                _end = .
                0x00800428                PROVIDE (__heap_start, .)

.eeprom         0x00810000        0x0
 *(.eeprom*)
                0x00810000                __eeprom_end = .

.fuse
 *(.fuse)
 *(.lfuse)
 *(.hfuse)
 *(.efuse)

.lock
 *(.lock*)

.signature
 *(.signature*)

.stab           0x00000000      0x750
 *(.stab)
 .stab          0x00000000      0x6cc c:/program files (x86)/atmel/atmel studio 6.0/extensions/atmel/avrgcc/3.4.1.95/avrtoolchain/bin/../lib/gcc/avr/4.6.2/../../../../avr/lib/avr5/crtm32.o
 .stab          0x000006cc       0x84 c:/program files (x86)/atmel/atmel studio 6.0/extensions/atmel/avrgcc/3.4.1.95/avrtoolchain/bin/../lib/gcc/avr/4.6.2/../../../../avr/lib/avr5\libc.a(memcpy.o)
                                 0x90 (size before relaxing)

.stabstr        0x00000000       0xe7
 *(.stabstr)
 .stabstr       0x00000000       0xe7 c:/program files (x86)/atmel/atmel studio 6.0/extensions/atmel/avrgcc/3.4.1.95/avrtoolchain/bin/../lib/gcc/avr/4.6.2/../../../../avr/lib/avr5/crtm32.o

.stab.excl
 *(.stab.excl)

.stab.exclstr
 *(.stab.exclstr)

.stab.index
 *(.stab.index)

.stab.indexstr
 *(.stab.indexstr)

.comment
 *(.comment)

.debug
 *(.debug)

.line
 *(.line)

.debug_srcinfo
 *(.debug_srcinfo)

.debug_sfnames
 *(.debug_sfnames)

.debug_aranges  0x00000000      0x140
 *(.debug_aranges)
 .debug_aranges
                0x00000000       0x20 event_groups.o
 .debug_aranges
                0x00000020       0x20 heap_2.o
 .debug_aranges
                0x00000040       0x20 list.o
 .debug_aranges
                0x00000060       0x20 port.o
 .debug_aranges
                0x00000080       0x20 queue.o
 .debug_aranges
                0x000000a0       0x20 RTOS_2_SEMAPHORE.o
 .debug_aranges
                0x000000c0       0x20 tasks.o
 .debug_aranges
                0x000000e0       0x20 c:/program files (x86)/atmel/atmel studio 6.0/extensions/atmel/avrgcc/3.4.1.95/avrtoolchain/bin/../lib/gcc/avr/4.6.2/avr5\libgcc.a(_exit.o)
 .debug_aranges
                0x00000100       0x20 c:/program files (x86)/atmel/atmel studio 6.0/extensions/atmel/avrgcc/3.4.1.95/avrtoolchain/bin/../lib/gcc/avr/4.6.2/avr5\libgcc.a(_copy_data.o)
 .debug_aranges
                0x00000120       0x20 c:/program files (x86)/atmel/atmel studio 6.0/extensions/atmel/avrgcc/3.4.1.95/avrtoolchain/bin/../lib/gcc/avr/4.6.2/avr5\libgcc.a(_clear_bss.o)

.debug_pubnames
 *(.debug_pubnames)

.debug_info     0x00000000     0x3415
 *(.debug_info)
 .debug_info    0x00000000      0x661 event_groups.o
 .debug_info    0x00000661      0x2db heap_2.o
 .debug_info    0x0000093c      0x2b5 list.o
 .debug_info    0x00000bf1      0x203 port.o
 .debug_info    0x00000df4      0xd27 queue.o
 .debug_info    0x00001b1b      0x239 RTOS_2_SEMAPHORE.o
 .debug_info    0x00001d54     0x142a tasks.o
 .debug_info    0x0000317e       0xdd c:/program files (x86)/atmel/atmel studio 6.0/extensions/atmel/avrgcc/3.4.1.95/avrtoolchain/bin/../lib/gcc/avr/4.6.2/avr5\libgcc.a(_exit.o)
 .debug_info    0x0000325b       0xdd c:/program files (x86)/atmel/atmel studio 6.0/extensions/atmel/avrgcc/3.4.1.95/avrtoolchain/bin/../lib/gcc/avr/4.6.2/avr5\libgcc.a(_copy_data.o)
 .debug_info    0x00003338       0xdd c:/program files (x86)/atmel/atmel studio 6.0/extensions/atmel/avrgcc/3.4.1.95/avrtoolchain/bin/../lib/gcc/avr/4.6.2/avr5\libgcc.a(_clear_bss.o)
 *(.gnu.linkonce.wi.*)

.debug_abbrev   0x00000000      0xbdc
 *(.debug_abbrev)
 .debug_abbrev  0x00000000      0x183 event_groups.o
 .debug_abbrev  0x00000183      0x182 heap_2.o
 .debug_abbrev  0x00000305       0xed list.o
 .debug_abbrev  0x000003f2      0x113 port.o
 .debug_abbrev  0x00000505      0x277 queue.o
 .debug_abbrev  0x0000077c      0x176 RTOS_2_SEMAPHORE.o
 .debug_abbrev  0x000008f2      0x2ae tasks.o
 .debug_abbrev  0x00000ba0       0x14 c:/program files (x86)/atmel/atmel studio 6.0/extensions/atmel/avrgcc/3.4.1.95/avrtoolchain/bin/../lib/gcc/avr/4.6.2/avr5\libgcc.a(_exit.o)
 .debug_abbrev  0x00000bb4       0x14 c:/program files (x86)/atmel/atmel studio 6.0/extensions/atmel/avrgcc/3.4.1.95/avrtoolchain/bin/../lib/gcc/avr/4.6.2/avr5\libgcc.a(_copy_data.o)
 .debug_abbrev  0x00000bc8       0x14 c:/program files (x86)/atmel/atmel studio 6.0/extensions/atmel/avrgcc/3.4.1.95/avrtoolchain/bin/../lib/gcc/avr/4.6.2/avr5\libgcc.a(_clear_bss.o)

.debug_line     0x00000000     0x1344
 *(.debug_line)
 .debug_line    0x00000000      0x1c7 event_groups.o
 .debug_line    0x000001c7      0x1d0 heap_2.o
 .debug_line    0x00000397      0x11f list.o
 .debug_line    0x000004b6      0x14b port.o
 .debug_line    0x00000601      0x389 queue.o
 .debug_line    0x0000098a      0x1d5 RTOS_2_SEMAPHORE.o
 .debug_line    0x00000b5f      0x63e tasks.o
 .debug_line    0x0000119d       0x88 c:/program files (x86)/atmel/atmel studio 6.0/extensions/atmel/avrgcc/3.4.1.95/avrtoolchain/bin/../lib/gcc/avr/4.6.2/avr5\libgcc.a(_exit.o)
 .debug_line    0x00001225       0x91 c:/program files (x86)/atmel/atmel studio 6.0/extensions/atmel/avrgcc/3.4.1.95/avrtoolchain/bin/../lib/gcc/avr/4.6.2/avr5\libgcc.a(_copy_data.o)
 .debug_line    0x000012b6       0x8e c:/program files (x86)/atmel/atmel studio 6.0/extensions/atmel/avrgcc/3.4.1.95/avrtoolchain/bin/../lib/gcc/avr/4.6.2/avr5\libgcc.a(_clear_bss.o)

.debug_frame    0x00000000      0xb28
 *(.debug_frame)
 .debug_frame   0x00000000      0x168 event_groups.o
 .debug_frame   0x00000168       0x7c heap_2.o
 .debug_frame   0x000001e4       0x88 list.o
 .debug_frame   0x0000026c       0x74 port.o
 .debug_frame   0x000002e0      0x2bc queue.o
 .debug_frame   0x0000059c       0x64 RTOS_2_SEMAPHORE.o
 .debug_frame   0x00000600      0x528 tasks.o

.debug_str      0x00000000     0x14a6
 *(.debug_str)
 .debug_str     0x00000000      0x3c8 event_groups.o
                                0x442 (size before relaxing)
 .debug_str     0x000003c8      0x15c heap_2.o
                                0x23d (size before relaxing)
 .debug_str     0x00000524       0x8e list.o
                                0x213 (size before relaxing)
 .debug_str     0x000005b2       0xf2 port.o
                                0x1e6 (size before relaxing)
 .debug_str     0x000006a4      0x456 queue.o
                                0x63e (size before relaxing)
 .debug_str     0x00000afa       0xac RTOS_2_SEMAPHORE.o
                                0x1a9 (size before relaxing)
 .debug_str     0x00000ba6      0x900 tasks.o
                                0xbb6 (size before relaxing)

.debug_loc      0x00000000     0x3da7
 *(.debug_loc)
 .debug_loc     0x00000000      0xaaa event_groups.o
 .debug_loc     0x00000aaa      0x2ca heap_2.o
 .debug_loc     0x00000d74      0x149 list.o
 .debug_loc     0x00000ebd      0x28e port.o
 .debug_loc     0x0000114b     0x10c9 queue.o
 .debug_loc     0x00002214       0x7b RTOS_2_SEMAPHORE.o
 .debug_loc     0x0000228f     0x1b18 tasks.o

.debug_macinfo
 *(.debug_macinfo)
OUTPUT(RTOS_2_SEMAPHORE.elf elf32-avr)
LOAD linker stubs

.debug_ranges   0x00000000      0x148
 .debug_ranges  0x00000000       0x78 queue.o
 .debug_ranges  0x00000078       0xd0 tasks.o
